2026-01-28 17:21:19,986 - telegram_bot_polling - INFO - Starting Telegram bot polling for chat 8082274502
2026-01-28 17:21:19,986 16277 INFO ? telegram_bot_polling: Starting Telegram bot polling for chat 8082274502 
2026-01-28 17:21:19,986 - telegram_bot_polling - INFO - Bot is running. Press Ctrl+C to stop.
2026-01-28 17:21:19,986 16277 INFO ? telegram_bot_polling: Bot is running. Press Ctrl+C to stop. 
2026-01-28 17:21:20,634 - telegram_bot_polling - INFO - Processing message 168 from Nghia: hiện nay có bao nhiêu tài sản
2026-01-28 17:21:20,634 16277 INFO ? telegram_bot_polling: Processing message 168 from Nghia: hiện nay có bao nhiêu tài sản 
2026-01-28 17:21:20,636 - py.warnings - WARNING - /usr/lib/python3.10/contextlib.py:135: DeprecationWarning: Since Odoo 15.0, Environment.manage() is useless.
  File "/home/nghiax/TTDN-16-01-N5/addons/quan_ly_tai_chinh/telegram_bot_polling.py", line 190, in <module>
    main()
  File "/home/nghiax/TTDN-16-01-N5/addons/quan_ly_tai_chinh/telegram_bot_polling.py", line 186, in main
    bot.run()
  File "/home/nghiax/TTDN-16-01-N5/addons/quan_ly_tai_chinh/telegram_bot_polling.py", line 157, in run
    self.process_message(message)
  File "/home/nghiax/TTDN-16-01-N5/addons/quan_ly_tai_chinh/telegram_bot_polling.py", line 104, in process_message
    with odoo.api.Environment.manage():
  File "/usr/lib/python3.10/contextlib.py", line 135, in __enter__
    return next(self.gen)

2026-01-28 17:21:20,636 16277 WARNING ? py.warnings: /usr/lib/python3.10/contextlib.py:135: DeprecationWarning: Since Odoo 15.0, Environment.manage() is useless.
  File "/home/nghiax/TTDN-16-01-N5/addons/quan_ly_tai_chinh/telegram_bot_polling.py", line 190, in <module>
    main()
  File "/home/nghiax/TTDN-16-01-N5/addons/quan_ly_tai_chinh/telegram_bot_polling.py", line 186, in main
    bot.run()
  File "/home/nghiax/TTDN-16-01-N5/addons/quan_ly_tai_chinh/telegram_bot_polling.py", line 157, in run
    self.process_message(message)
  File "/home/nghiax/TTDN-16-01-N5/addons/quan_ly_tai_chinh/telegram_bot_polling.py", line 104, in process_message
    with odoo.api.Environment.manage():
  File "/usr/lib/python3.10/contextlib.py", line 135, in __enter__
    return next(self.gen)
 
2026-01-28 17:21:20,658 - odoo.modules.loading - INFO - loading 1 modules...
2026-01-28 17:21:20,658 16277 INFO odoo odoo.modules.loading: loading 1 modules... 
2026-01-28 17:21:20,806 - odoo.addons.base.models.ir_actions_report - INFO - You need Wkhtmltopdf to print a pdf version of the reports.
2026-01-28 17:21:20,806 16277 INFO odoo odoo.addons.base.models.ir_actions_report: You need Wkhtmltopdf to print a pdf version of the reports. 
2026-01-28 17:21:20,915 - odoo.modules.loading - INFO - 1 modules loaded in 0.26s, 0 queries (+0 extra)
2026-01-28 17:21:20,915 16277 INFO odoo odoo.modules.loading: 1 modules loaded in 0.26s, 0 queries (+0 extra) 
2026-01-28 17:21:20,920 - odoo.modules.loading - INFO - loading 12 modules...
2026-01-28 17:21:20,920 16277 INFO odoo odoo.modules.loading: loading 12 modules... 
2026-01-28 17:21:21,032 - py.warnings - WARNING - /home/nghiax/TTDN-15-04-N6/venv/lib/python3.10/site-packages/google/api_core/_python_version_support.py:275: FutureWarning: You are using a Python version (3.10.12) which Google will stop supporting in new releases of google.api_core once it reaches its end of life (2026-10-04). Please upgrade to the latest Python version, or at least Python 3.11, to continue receiving updates for google.api_core past that date.
  File "/home/nghiax/TTDN-16-01-N5/addons/quan_ly_tai_chinh/telegram_bot_polling.py", line 190, in <module>
    main()
  File "/home/nghiax/TTDN-16-01-N5/addons/quan_ly_tai_chinh/telegram_bot_polling.py", line 186, in main
    bot.run()
  File "/home/nghiax/TTDN-16-01-N5/addons/quan_ly_tai_chinh/telegram_bot_polling.py", line 157, in run
    self.process_message(message)
  File "/home/nghiax/TTDN-16-01-N5/addons/quan_ly_tai_chinh/telegram_bot_polling.py", line 105, in process_message
    registry = odoo.registry(self.dbname)
  File "/home/nghiax/TTDN-16-01-N5/odoo/__init__.py", line 125, in registry
    return modules.registry.Registry(database_name)
  File "/home/nghiax/TTDN-16-01-N5/odoo/modules/registry.py", line 63, in __new__
    return cls.new(db_name)
  File "/home/nghiax/TTDN-16-01-N5/odoo/modules/registry.py", line 87, in new
    odoo.modules.load_modules(registry, force_demo, status, update_module)
  File "/home/nghiax/TTDN-16-01-N5/odoo/modules/loading.py", line 470, in load_modules
    processed_modules += load_marked_modules(cr, graph,
  File "/home/nghiax/TTDN-16-01-N5/odoo/modules/loading.py", line 363, in load_marked_modules
    loaded, processed = load_module_graph(
  File "/home/nghiax/TTDN-16-01-N5/odoo/modules/loading.py", line 179, in load_module_graph
    load_openerp_module(package.name)
  File "/home/nghiax/TTDN-16-01-N5/odoo/modules/module.py", line 407, in load_openerp_module
    __import__('odoo.addons.' + module_name)
  File "/home/nghiax/TTDN-16-01-N5/addons/quan_ly_tai_chinh/__init__.py", line 2, in <module>
    from . import models
  File "/home/nghiax/TTDN-16-01-N5/addons/quan_ly_tai_chinh/models/__init__.py", line 2, in <module>
    from . import ai_assistant
  File "/home/nghiax/TTDN-16-01-N5/addons/quan_ly_tai_chinh/models/ai_assistant.py", line 17, in <module>
    import google.generativeai as genai
  File "/home/nghiax/TTDN-15-04-N6/venv/lib/python3.10/site-packages/google/generativeai/__init__.py", line 45, in <module>
    from google.generativeai import types
  File "/home/nghiax/TTDN-15-04-N6/venv/lib/python3.10/site-packages/google/generativeai/types/__init__.py", line 17, in <module>
    from google.generativeai.types.discuss_types import *
  File "/home/nghiax/TTDN-15-04-N6/venv/lib/python3.10/site-packages/google/generativeai/types/discuss_types.py", line 22, in <module>
    import google.ai.generativelanguage as glm
  File "/home/nghiax/TTDN-15-04-N6/venv/lib/python3.10/site-packages/google/ai/generativelanguage/__init__.py", line 21, in <module>
    from google.ai.generativelanguage_v1beta.services.discuss_service.async_client import (
  File "/home/nghiax/TTDN-15-04-N6/venv/lib/python3.10/site-packages/google/ai/generativelanguage_v1beta/__init__.py", line 21, in <module>
    from .services.discuss_service import DiscussServiceAsyncClient, DiscussServiceClient
  File "/home/nghiax/TTDN-15-04-N6/venv/lib/python3.10/site-packages/google/ai/generativelanguage_v1beta/services/discuss_service/__init__.py", line 16, in <module>
    from .async_client import DiscussServiceAsyncClient
  File "/home/nghiax/TTDN-15-04-N6/venv/lib/python3.10/site-packages/google/ai/generativelanguage_v1beta/services/discuss_service/async_client.py", line 31, in <module>
    from google.api_core import exceptions as core_exceptions
  File "/home/nghiax/TTDN-15-04-N6/venv/lib/python3.10/site-packages/google/api_core/__init__.py", line 40, in <module>
    check_python_version(package="google.api_core")
  File "/home/nghiax/TTDN-15-04-N6/venv/lib/python3.10/site-packages/google/api_core/_python_version_support.py", line 275, in check_python_version
    warnings.warn(message, FutureWarning)

2026-01-28 17:21:21,032 16277 WARNING odoo py.warnings: /home/nghiax/TTDN-15-04-N6/venv/lib/python3.10/site-packages/google/api_core/_python_version_support.py:275: FutureWarning: You are using a Python version (3.10.12) which Google will stop supporting in new releases of google.api_core once it reaches its end of life (2026-10-04). Please upgrade to the latest Python version, or at least Python 3.11, to continue receiving updates for google.api_core past that date.
  File "/home/nghiax/TTDN-16-01-N5/addons/quan_ly_tai_chinh/telegram_bot_polling.py", line 190, in <module>
    main()
  File "/home/nghiax/TTDN-16-01-N5/addons/quan_ly_tai_chinh/telegram_bot_polling.py", line 186, in main
    bot.run()
  File "/home/nghiax/TTDN-16-01-N5/addons/quan_ly_tai_chinh/telegram_bot_polling.py", line 157, in run
    self.process_message(message)
  File "/home/nghiax/TTDN-16-01-N5/addons/quan_ly_tai_chinh/telegram_bot_polling.py", line 105, in process_message
    registry = odoo.registry(self.dbname)
  File "/home/nghiax/TTDN-16-01-N5/odoo/__init__.py", line 125, in registry
    return modules.registry.Registry(database_name)
  File "/home/nghiax/TTDN-16-01-N5/odoo/modules/registry.py", line 63, in __new__
    return cls.new(db_name)
  File "/home/nghiax/TTDN-16-01-N5/odoo/modules/registry.py", line 87, in new
    odoo.modules.load_modules(registry, force_demo, status, update_module)
  File "/home/nghiax/TTDN-16-01-N5/odoo/modules/loading.py", line 470, in load_modules
    processed_modules += load_marked_modules(cr, graph,
  File "/home/nghiax/TTDN-16-01-N5/odoo/modules/loading.py", line 363, in load_marked_modules
    loaded, processed = load_module_graph(
  File "/home/nghiax/TTDN-16-01-N5/odoo/modules/loading.py", line 179, in load_module_graph
    load_openerp_module(package.name)
  File "/home/nghiax/TTDN-16-01-N5/odoo/modules/module.py", line 407, in load_openerp_module
    __import__('odoo.addons.' + module_name)
  File "/home/nghiax/TTDN-16-01-N5/addons/quan_ly_tai_chinh/__init__.py", line 2, in <module>
    from . import models
  File "/home/nghiax/TTDN-16-01-N5/addons/quan_ly_tai_chinh/models/__init__.py", line 2, in <module>
    from . import ai_assistant
  File "/home/nghiax/TTDN-16-01-N5/addons/quan_ly_tai_chinh/models/ai_assistant.py", line 17, in <module>
    import google.generativeai as genai
  File "/home/nghiax/TTDN-15-04-N6/venv/lib/python3.10/site-packages/google/generativeai/__init__.py", line 45, in <module>
    from google.generativeai import types
  File "/home/nghiax/TTDN-15-04-N6/venv/lib/python3.10/site-packages/google/generativeai/types/__init__.py", line 17, in <module>
    from google.generativeai.types.discuss_types import *
  File "/home/nghiax/TTDN-15-04-N6/venv/lib/python3.10/site-packages/google/generativeai/types/discuss_types.py", line 22, in <module>
    import google.ai.generativelanguage as glm
  File "/home/nghiax/TTDN-15-04-N6/venv/lib/python3.10/site-packages/google/ai/generativelanguage/__init__.py", line 21, in <module>
    from google.ai.generativelanguage_v1beta.services.discuss_service.async_client import (
  File "/home/nghiax/TTDN-15-04-N6/venv/lib/python3.10/site-packages/google/ai/generativelanguage_v1beta/__init__.py", line 21, in <module>
    from .services.discuss_service import DiscussServiceAsyncClient, DiscussServiceClient
  File "/home/nghiax/TTDN-15-04-N6/venv/lib/python3.10/site-packages/google/ai/generativelanguage_v1beta/services/discuss_service/__init__.py", line 16, in <module>
    from .async_client import DiscussServiceAsyncClient
  File "/home/nghiax/TTDN-15-04-N6/venv/lib/python3.10/site-packages/google/ai/generativelanguage_v1beta/services/discuss_service/async_client.py", line 31, in <module>
    from google.api_core import exceptions as core_exceptions
  File "/home/nghiax/TTDN-15-04-N6/venv/lib/python3.10/site-packages/google/api_core/__init__.py", line 40, in <module>
    check_python_version(package="google.api_core")
  File "/home/nghiax/TTDN-15-04-N6/venv/lib/python3.10/site-packages/google/api_core/_python_version_support.py", line 275, in check_python_version
    warnings.warn(message, FutureWarning)
 
2026-01-28 17:21:21,232 - odoo.modules.loading - INFO - 12 modules loaded in 0.31s, 0 queries (+0 extra)
2026-01-28 17:21:21,232 16277 INFO odoo odoo.modules.loading: 12 modules loaded in 0.31s, 0 queries (+0 extra) 
2026-01-28 17:21:21,256 - odoo.modules.loading - INFO - Modules loaded.
2026-01-28 17:21:21,256 16277 INFO odoo odoo.modules.loading: Modules loaded. 
2026-01-28 17:21:21,259 - odoo.modules.registry - INFO - Registry loaded in 0.623s
2026-01-28 17:21:21,259 16277 INFO odoo odoo.modules.registry: Registry loaded in 0.623s 
2026-01-28 17:21:25,822 - telegram_bot_polling - INFO - Message sent to Telegram
2026-01-28 17:21:25,822 16277 INFO odoo telegram_bot_polling: Message sent to Telegram 
